
> athletic-academics-hub@2.0.0 build C:\Users\dgorn\My Gemini Code\academic-athletics-saas
> turbo run build

turbo 2.6.0

• Packages in scope: @aah/ai, @aah/ai-evals, @aah/api-utils, @aah/auth, @aah/config, @aah/database, @aah/service-advising, @aah/service-ai, @aah/service-compliance, @aah/service-integration, @aah/service-monitoring, @aah/service-support, @aah/service-user, @aah/ui, admin, main, student
• Running build in 17 packages
• Remote caching disabled
@aah/ai-evals:build: cache miss, executing ac7e2ea87ad38801
@aah/service-integration:build: cache miss, executing 24f84d93896b712b
@aah/service-user:build: cache hit, replaying logs 39c1262d8550f8ff
@aah/service-user:build: 
@aah/service-user:build: > @aah/service-user@2.0.0 build C:\Users\dgorn\My Gemini Code\academic-athletics-saas\services\user
@aah/service-user:build: > tsup src/index.ts --format esm,cjs --dts
@aah/service-user:build: 
@aah/service-user:build: [34mCLI[39m Building entry: src/index.ts
@aah/service-user:build: [34mCLI[39m Using tsconfig: tsconfig.json
@aah/service-user:build: [34mCLI[39m tsup v8.5.0
@aah/service-user:build: [34mCLI[39m Target: es2022
@aah/service-user:build: [34mESM[39m Build start
@aah/service-user:build: [34mCJS[39m Build start
@aah/service-user:build: [32mCJS[39m [1mdist\index.js [22m[32m14.34 KB[39m
@aah/service-user:build: [32mCJS[39m ⚡️ Build success in 75ms
@aah/service-user:build: [32mESM[39m [1mdist\index.mjs [22m[32m12.86 KB[39m
@aah/service-user:build: [32mESM[39m ⚡️ Build success in 76ms
@aah/service-user:build: [34mDTS[39m Build start
@aah/service-user:build: [32mDTS[39m ⚡️ Build success in 4407ms
@aah/service-user:build: [32mDTS[39m [1mdist\index.d.mts [22m[32m557.00 B[39m
@aah/service-user:build: [32mDTS[39m [1mdist\index.d.ts  [22m[32m557.00 B[39m
@aah/service-ai:build: cache miss, executing c094490a80a4272a
@aah/service-compliance:build: cache hit, replaying logs 196a321d1445d946
@aah/service-compliance:build: 
@aah/service-compliance:build: > @aah/service-compliance@2.0.0 build C:\Users\dgorn\My Gemini Code\academic-athletics-saas\services\compliance
@aah/service-compliance:build: > tsup src/index.ts --format esm,cjs --dts
@aah/service-compliance:build: 
@aah/service-compliance:build: [34mCLI[39m Building entry: src/index.ts
@aah/service-compliance:build: [34mCLI[39m Using tsconfig: tsconfig.json
@aah/service-compliance:build: [34mCLI[39m tsup v8.5.0
@aah/service-compliance:build: [34mCLI[39m Target: es2022
@aah/service-compliance:build: [34mESM[39m Build start
@aah/service-compliance:build: [34mCJS[39m Build start
@aah/service-compliance:build: [32mCJS[39m [1mdist\index.js [22m[32m26.52 KB[39m
@aah/service-compliance:build: [32mCJS[39m ⚡️ Build success in 83ms
@aah/service-compliance:build: [32mESM[39m [1mdist\index.mjs [22m[32m25.37 KB[39m
@aah/service-compliance:build: [32mESM[39m ⚡️ Build success in 84ms
@aah/service-compliance:build: [34mDTS[39m Build start
@aah/service-compliance:build: [32mDTS[39m ⚡️ Build success in 4757ms
@aah/service-compliance:build: [32mDTS[39m [1mdist\index.d.mts [22m[32m932.00 B[39m
@aah/service-compliance:build: [32mDTS[39m [1mdist\index.d.ts  [22m[32m932.00 B[39m
@aah/service-advising:build: cache hit, replaying logs 84196f999c6aa675
@aah/service-advising:build: 
@aah/service-advising:build: > @aah/service-advising@2.0.0 build C:\Users\dgorn\My Gemini Code\academic-athletics-saas\services\advising
@aah/service-advising:build: > tsup src/index.ts --format esm,cjs --dts
@aah/service-advising:build: 
@aah/service-advising:build: [34mCLI[39m Building entry: src/index.ts
@aah/service-advising:build: [34mCLI[39m Using tsconfig: tsconfig.json
@aah/service-advising:build: [34mCLI[39m tsup v8.5.0
@aah/service-advising:build: [34mCLI[39m Target: es2022
@aah/service-advising:build: [34mESM[39m Build start
@aah/service-advising:build: [34mCJS[39m Build start
@aah/service-advising:build: [32mESM[39m [1mdist\index.mjs [22m[32m15.32 KB[39m
@aah/service-advising:build: [32mESM[39m ⚡️ Build success in 120ms
@aah/service-advising:build: [32mCJS[39m [1mdist\index.js [22m[32m16.60 KB[39m
@aah/service-advising:build: [32mCJS[39m ⚡️ Build success in 121ms
@aah/service-advising:build: [34mDTS[39m Build start
@aah/service-advising:build: [32mDTS[39m ⚡️ Build success in 4404ms
@aah/service-advising:build: [32mDTS[39m [1mdist\index.d.mts [22m[32m582.00 B[39m
@aah/service-advising:build: [32mDTS[39m [1mdist\index.d.ts  [22m[32m582.00 B[39m
admin:build: cache miss, executing ababa359d6086ce2
student:build: cache miss, executing 41898e0b6e6cc0a2
@aah/service-monitoring:build: cache hit, replaying logs 842fea052f157b20
@aah/service-monitoring:build: 
@aah/service-monitoring:build: > @aah/service-monitoring@2.0.0 build C:\Users\dgorn\My Gemini Code\academic-athletics-saas\services\monitoring
@aah/service-monitoring:build: > tsup src/index.ts --format esm,cjs --dts
@aah/service-monitoring:build: 
@aah/service-monitoring:build: [34mCLI[39m Building entry: src/index.ts
@aah/service-monitoring:build: [34mCLI[39m Using tsconfig: tsconfig.json
@aah/service-monitoring:build: [34mCLI[39m tsup v8.5.0
@aah/service-monitoring:build: [34mCLI[39m Target: es2022
@aah/service-monitoring:build: [34mESM[39m Build start
@aah/service-monitoring:build: [34mCJS[39m Build start
@aah/service-monitoring:build: [32mCJS[39m [1mdist\index.js [22m[32m69.98 KB[39m
@aah/service-monitoring:build: [32mCJS[39m ⚡️ Build success in 122ms
@aah/service-monitoring:build: [32mESM[39m [1mdist\index.mjs [22m[32m67.38 KB[39m
@aah/service-monitoring:build: [32mESM[39m ⚡️ Build success in 122ms
@aah/service-monitoring:build: [34mDTS[39m Build start
@aah/service-monitoring:build: [32mDTS[39m ⚡️ Build success in 4143ms
@aah/service-monitoring:build: [32mDTS[39m [1mdist\index.d.mts [22m[32m175.00 B[39m
@aah/service-monitoring:build: [32mDTS[39m [1mdist\index.d.ts  [22m[32m175.00 B[39m
@aah/service-support:build: cache hit, replaying logs e8f9c9b7225aeb71
@aah/service-support:build: 
@aah/service-support:build: > @aah/service-support@2.0.0 build C:\Users\dgorn\My Gemini Code\academic-athletics-saas\services\support
@aah/service-support:build: > tsup src/index.ts --format esm,cjs --dts
@aah/service-support:build: 
@aah/service-support:build: [34mCLI[39m Building entry: src/index.ts
@aah/service-support:build: [34mCLI[39m Using tsconfig: tsconfig.json
@aah/service-support:build: [34mCLI[39m tsup v8.5.0
@aah/service-support:build: [34mCLI[39m Target: es2022
@aah/service-support:build: [34mESM[39m Build start
@aah/service-support:build: [34mCJS[39m Build start
@aah/service-support:build: [32mCJS[39m [1mdist\index.js [22m[32m40.21 KB[39m
@aah/service-support:build: [32mCJS[39m ⚡️ Build success in 165ms
@aah/service-support:build: [32mESM[39m [1mdist\index.mjs [22m[32m38.77 KB[39m
@aah/service-support:build: [32mESM[39m ⚡️ Build success in 166ms
@aah/service-support:build: [34mDTS[39m Build start
@aah/service-support:build: [32mDTS[39m ⚡️ Build success in 4439ms
@aah/service-support:build: [32mDTS[39m [1mdist\index.d.mts [22m[32m227.00 B[39m
@aah/service-support:build: [32mDTS[39m [1mdist\index.d.ts  [22m[32m227.00 B[39m
@aah/ai-evals:build: 
@aah/ai-evals:build: > @aah/ai-evals@1.0.0 build C:\Users\dgorn\My Gemini Code\academic-athletics-saas\packages\ai-evals
@aah/ai-evals:build: > tsup src/index.ts --format cjs,esm --dts
@aah/ai-evals:build: 
admin:build: 
admin:build: > admin@2.0.0 build C:\Users\dgorn\My Gemini Code\academic-athletics-saas\apps\admin
admin:build: > next build
admin:build: 
@aah/service-integration:build: 
@aah/service-integration:build: > @aah/service-integration@2.0.0 build C:\Users\dgorn\My Gemini Code\academic-athletics-saas\services\integration
@aah/service-integration:build: > tsup src/index.ts --format esm,cjs --dts
@aah/service-integration:build: 
student:build: 
student:build: > student@2.0.0 build C:\Users\dgorn\My Gemini Code\academic-athletics-saas\apps\student
student:build: > next build
student:build: 
@aah/service-ai:build: 
@aah/service-ai:build: > @aah/service-ai@2.0.0 build C:\Users\dgorn\My Gemini Code\academic-athletics-saas\services\ai
@aah/service-ai:build: > tsup src/index.ts --format esm,cjs --dts
@aah/service-ai:build: 
@aah/service-integration:build: [34mCLI[39m Building entry: src/index.ts
@aah/service-integration:build: [34mCLI[39m Using tsconfig: tsconfig.json
@aah/service-integration:build: [34mCLI[39m tsup v8.5.0
@aah/service-ai:build: [34mCLI[39m Building entry: src/index.ts
@aah/service-ai:build: [34mCLI[39m Using tsconfig: tsconfig.json
@aah/service-ai:build: [34mCLI[39m tsup v8.5.0
@aah/service-integration:build: [34mCLI[39m Target: es2022
@aah/service-integration:build: [34mESM[39m Build start
@aah/service-integration:build: [34mCJS[39m Build start
@aah/service-ai:build: [34mCLI[39m Target: es2022
@aah/service-ai:build: [34mESM[39m Build start
@aah/service-ai:build: [34mCJS[39m Build start
@aah/ai-evals:build: [34mCLI[39m Building entry: src/index.ts
@aah/ai-evals:build: [34mCLI[39m Using tsconfig: tsconfig.json
@aah/ai-evals:build: [34mCLI[39m tsup v8.5.0
@aah/ai-evals:build: [34mCLI[39m Using tsup config: C:\Users\dgorn\My Gemini Code\academic-athletics-saas\packages\ai-evals\tsup.config.ts
@aah/ai-evals:build: [34mCLI[39m Target: es2022
@aah/service-ai:build: [32mCJS[39m [1mdist\index.js [22m[32m120.73 KB[39m
@aah/service-ai:build: [32mCJS[39m ⚡️ Build success in 72ms
@aah/ai-evals:build: [34mCLI[39m Cleaning output folder
@aah/service-ai:build: [32mESM[39m [1mdist\index.mjs [22m[32m115.94 KB[39m
@aah/service-ai:build: [32mESM[39m ⚡️ Build success in 74ms
@aah/ai-evals:build: [34mCJS[39m Build start
@aah/ai-evals:build: [34mESM[39m Build start
@aah/service-integration:build: [32mCJS[39m [1mdist\index.js [22m[32m109.40 KB[39m
@aah/service-integration:build: [32mCJS[39m ⚡️ Build success in 91ms
@aah/service-integration:build: [32mESM[39m [1mdist\index.mjs [22m[32m105.70 KB[39m
@aah/service-integration:build: [32mESM[39m ⚡️ Build success in 92ms
@aah/service-ai:build: [34mDTS[39m Build start
@aah/service-integration:build: [34mDTS[39m Build start
@aah/ai-evals:build: [34mDTS[39m Build start
@aah/ai-evals:build: [32mESM[39m [1mdist\index.mjs     [22m[32m148.44 KB[39m
@aah/ai-evals:build: [32mESM[39m [1mdist\index.mjs.map [22m[32m361.87 KB[39m
@aah/ai-evals:build: [32mESM[39m ⚡️ Build success in 583ms
@aah/ai-evals:build: [32mCJS[39m [1mdist\index.js     [22m[32m150.51 KB[39m
@aah/ai-evals:build: [32mCJS[39m [1mdist\index.js.map [22m[32m362.01 KB[39m
@aah/ai-evals:build: [32mCJS[39m ⚡️ Build success in 590ms
admin:build:   ▲ Next.js 14.2.33
admin:build: 
student:build:   ▲ Next.js 14.2.33
student:build: 
student:build:    Creating an optimized production build ...
admin:build:    Creating an optimized production build ...
@aah/ai-evals:build: [32mDTS[39m ⚡️ Build success in 4592ms
@aah/ai-evals:build: [32mDTS[39m [1mdist\index.d.ts  [22m[32m57.51 KB[39m
@aah/ai-evals:build: [32mDTS[39m [1mdist\index.d.mts [22m[32m57.51 KB[39m
main:build: cache miss, executing 80d6a2edaff40770
main:build: 
main:build: > main@2.0.0 build C:\Users\dgorn\My Gemini Code\academic-athletics-saas\apps\main
main:build: > next build
main:build: 
@aah/service-ai:build: [32mDTS[39m ⚡️ Build success in 5958ms
@aah/service-ai:build: [32mDTS[39m [1mdist\index.d.mts [22m[32m175.00 B[39m
@aah/service-ai:build: [32mDTS[39m [1mdist\index.d.ts  [22m[32m175.00 B[39m
main:build: Discovering workflow directives 1938ms
main:build: Created steps bundle 109ms
main:build: Created intermediate workflow bundle 4ms
main:build: Creating webhook route
main:build:  ⚠ Invalid next.config.js options detected: 
main:build:  ⚠     Unrecognized key(s) in object: 'turbopack'
main:build:  ⚠ See more info here: https://nextjs.org/docs/messages/invalid-next-config
main:build:   ▲ Next.js 14.2.33
main:build: 
main:build:    Creating an optimized production build ...
@aah/service-integration:build: [32mDTS[39m ⚡️ Build success in 10734ms
@aah/service-integration:build: [32mDTS[39m [1mdist\index.d.mts [22m[32m175.00 B[39m
@aah/service-integration:build: [32mDTS[39m [1mdist\index.d.ts  [22m[32m175.00 B[39m
admin:build:  ✓ Compiled successfully
admin:build:    Linting and checking validity of types ...
main:build:   [31mERROR[0m  [31mfailed to read input source map: failed to find input source map file "start.js.map" in "node_modules/.pnpm/@workflow+core@4.0.1-beta.10_@aws-sdk+client-sts@3.927.0/node_modules/@workflow/core/dist/runtime/start.js" file as either "node_modules/.pnpm/@workflow+core@4.0.1-beta.10_@aws-sdk+client-sts@3.927.0/node_modules/@workflow/core/dist/runtime\\start.js.map" or with appended .map[0m
main:build:     [2;3mat[0m C:\Users\runneradmin/.cargo\registry\src\index.crates.io-6f17d22bba15001f\swc-21.0.0\src/lib.rs:401
main:build: 
admin:build: Failed to compile.
admin:build: 
admin:build: ./app/dashboard/page.tsx:15:7
admin:build: Type error: Object literal may only specify known properties, but 'eligible' does not exist in type 'ComplianceRecordWhereInput'. Did you mean to write 'isEligible'?
admin:build: 
admin:build: [0m [90m 13 |[39m   [36mconst[39m eligibleStudents [33m=[39m [36mawait[39m prisma[33m.[39mcomplianceRecord[33m.[39mcount({[0m
admin:build: [0m [90m 14 |[39m     where[33m:[39m {[0m
admin:build: [0m[31m[1m>[22m[39m[90m 15 |[39m       eligible[33m:[39m [36mtrue[39m[33m,[39m[0m
admin:build: [0m [90m    |[39m       [31m[1m^[22m[39m[0m
admin:build: [0m [90m 16 |[39m       createdAt[33m:[39m {[0m
admin:build: [0m [90m 17 |[39m         gte[33m:[39m [36mnew[39m [33mDate[39m([36mnew[39m [33mDate[39m()[33m.[39msetMonth([36mnew[39m [33mDate[39m()[33m.[39mgetMonth() [33m-[39m [35m1[39m))[33m,[39m[0m
admin:build: [0m [90m 18 |[39m       }[33m,[39m[0m
admin:build: Next.js build worker exited with code: 1 and signal: null
admin:build:  ELIFECYCLE  Command failed with exit code 1.
admin:build: ERROR: command finished with error: command (C:\Users\dgorn\My Gemini Code\academic-athletics-saas\apps\admin) C:\Users\dgorn\AppData\Local\pnpm\.tools\pnpm\8.15.0\bin\pnpm.CMD run build exited (1)
admin#build: command (C:\Users\dgorn\My Gemini Code\academic-athletics-saas\apps\admin) C:\Users\dgorn\AppData\Local\pnpm\.tools\pnpm\8.15.0\bin\pnpm.CMD run build exited (1)

 Tasks:    8 successful, 11 total
Cached:    5 cached, 11 total
  Time:    19.185s 
Failed:    admin#build

 ERROR  run failed: command  exited (1)
 ELIFECYCLE  Command failed with exit code 1.
